// Jest Snapshot v1, https://goo.gl/fbAQLP

exports[`CharacterList component renders CharacterList 1`] = `
<ul>
  <[object Object],[object Object],[object Object],[object Object] />
</ul>
`;
